{
  "facts": {
    "columns": [
      "heroes.id",
      "heroes.name",
      "heroes.nickname",
      "teams.id",
      "teams.name"
    ],
    "foreign_keys": [],
    "primary_keys": [
      "heroes(id)",
      "teams(id)"
    ],
    "tables": [
      "heroes",
      "teams"
    ],
    "unmodeled": []
  },
  "inputs": {
    "fixtures/drift/v2/models.py": "d51fd100a6b67a89307d83c7c263817e0b759b4a67b3b02bc4a0d989202df6d2",
    "oracle/introspect.py": "e809ae6af71ec343589975af67cabe5427baf008b339fcb2e0a1d738f7df30c5"
  },
  "oracle": "sqlalchemy-metadata",
  "versions": {
    "SQLAlchemy": "2.1.4",
    "pydantic": "2.14.0",
    "python": "3.14.8",
    "sqlmodel": "0.0.48"
  }
}
