{
  "facts": {
    "columns": [
      "heroes.id",
      "heroes.name",
      "heroes.secret_name"
    ],
    "foreign_keys": [],
    "primary_keys": [
      "heroes(id)"
    ],
    "tables": [
      "heroes"
    ],
    "unmodeled": []
  },
  "inputs": {
    "fixtures/drift/v1/models.py": "a0ca4041321bbcbd24711a2824217a1c05ae2cffbf0c8e2db4f12eb4aefb6bc7",
    "oracle/introspect.py": "e809ae6af71ec343589975af67cabe5427baf008b339fcb2e0a1d738f7df30c5"
  },
  "oracle": "sqlalchemy-metadata",
  "versions": {
    "SQLAlchemy": "2.1.4",
    "pydantic": "2.14.0",
    "python": "3.14.8",
    "sqlmodel": "0.0.48"
  }
}
