{
  "facts": {
    "columns": [
      "heros.id",
      "heros.name"
    ],
    "foreign_keys": [],
    "primary_keys": [
      "heros(id)"
    ],
    "tables": [
      "heros"
    ],
    "unmodeled": []
  },
  "inputs": {
    "fixtures/naming-custom/models.py": "22de9aa2da1b86ec48f6c45a6a3c8ad4ed61a96aed44ea05bbc9be390f6a1321",
    "oracle/introspect.py": "e809ae6af71ec343589975af67cabe5427baf008b339fcb2e0a1d738f7df30c5"
  },
  "oracle": "sqlalchemy-metadata",
  "versions": {
    "SQLAlchemy": "2.1.4",
    "pydantic": "2.14.0",
    "python": "3.14.8",
    "sqlmodel": "0.0.48"
  }
}
