Collecting sqlmodel==0.0.48
  Using cached sqlmodel-0.0.48-py3-none-any.whl.metadata (9.5 kB)
Collecting SQLAlchemy==2.1.4
  Using cached sqlalchemy-2.1.4-cp314-cp314-macosx_11_0_arm64.whl.metadata (9.7 kB)
Collecting pydantic==2.14.0
  Using cached pydantic-2.14.0-py3-none-any.whl.metadata (131 kB)
Collecting typing-extensions>=4.5.0 (from sqlmodel==0.0.48)
  Using cached typing_extensions-4.16.0-py3-none-any.whl.metadata (3.3 kB)
Collecting annotated-types>=0.6.0 (from pydantic==2.14.0)
  Using cached annotated_types-0.8.0-py3-none-any.whl.metadata (15 kB)
Collecting pydantic-core==2.50.0 (from pydantic==2.14.0)
  Using cached pydantic_core-2.50.0-cp314-cp314-macosx_11_0_arm64.whl.metadata (6.5 kB)
Collecting typing-inspection>=0.4.4 (from pydantic==2.14.0)
  Using cached typing_inspection-0.4.4-py3-none-any.whl.metadata (2.6 kB)
Using cached sqlmodel-0.0.48-py3-none-any.whl (31 kB)
Using cached sqlalchemy-2.1.4-cp314-cp314-macosx_11_0_arm64.whl (2.5 MB)
Using cached pydantic-2.14.0-py3-none-any.whl (487 kB)
Using cached pydantic_core-2.50.0-cp314-cp314-macosx_11_0_arm64.whl (2.0 MB)
Using cached annotated_types-0.8.0-py3-none-any.whl (13 kB)
Using cached typing_extensions-4.16.0-py3-none-any.whl (45 kB)
Using cached typing_inspection-0.4.4-py3-none-any.whl (14 kB)
Installing collected packages: typing-extensions, annotated-types, typing-inspection, SQLAlchemy, pydantic-core, pydantic, sqlmodel

Successfully installed SQLAlchemy-2.1.4 annotated-types-0.8.0 pydantic-2.14.0 pydantic-core-2.50.0 sqlmodel-0.0.48 typing-extensions-4.16.0 typing-inspection-0.4.4
