{
  "facts": {
    "columns": [
      "invoices.id",
      "invoices.tenant_id",
      "invoices.total_cents"
    ],
    "foreign_keys": [],
    "primary_keys": [
      "invoices(id)"
    ],
    "tables": [
      "invoices"
    ],
    "unmodeled": [
      "create-index",
      "session-event:do_orm_execute"
    ]
  },
  "inputs": {
    "fixtures/tenant-scope/models.py": "701fe352c5b9bcedc37f7f18f1971de6683ad1ecf94e3189be9138ef23b5bcc3",
    "oracle/introspect.py": "e809ae6af71ec343589975af67cabe5427baf008b339fcb2e0a1d738f7df30c5"
  },
  "oracle": "sqlalchemy-metadata",
  "versions": {
    "SQLAlchemy": "2.1.4",
    "pydantic": "2.14.0",
    "python": "3.14.8",
    "sqlmodel": "0.0.48"
  }
}
