{
  "facts": {
    "columns": [
      "invoices.id",
      "invoices.tenant_id",
      "invoices.total_cents"
    ],
    "foreign_keys": [],
    "primary_keys": [
      "invoices(id)"
    ],
    "tables": [
      "invoices"
    ],
    "unmodeled": [
      "create-index",
      "default-scope"
    ]
  },
  "inputs": {
    "fixtures/tenant-scope/app/models/current.rb": "68bea9c7935cbaee89501a5dd5cc5605cfbdfaa1efab03b200e5af102c2ac82b",
    "fixtures/tenant-scope/app/models/invoice.rb": "e47b866ef8a35da3f4933b649cb3ce1e3415d2c01477a6ced6f066bd60657152",
    "fixtures/tenant-scope/db/schema.rb": "b054bc357dd8259f48bfd06b8c7f7c879698766ad9b450383db191f807624f74",
    "oracle/introspect.rb": "2d91326bd485c6ae570ef7c5185280af6661eb6a1b994a367377809e17acdebf"
  },
  "oracle": "activerecord-sqlite3-memory",
  "versions": {
    "activerecord": "8.1.4",
    "ruby": "4.0.7",
    "sqlite3": "2.9.6"
  }
}
