{
    "facts": {
        "columns": [
            "heroes.id",
            "heroes.name",
            "heroes.team_id",
            "teams.id",
            "teams.name"
        ],
        "foreign_keys": [
            "heroes(team_id)->teams(id)"
        ],
        "primary_keys": [
            "heroes(id)",
            "teams(id)"
        ],
        "tables": [
            "heroes",
            "teams"
        ],
        "unmodeled": []
    },
    "inputs": {
        "fixtures/relation/app/Models/Hero.php": "4cd7754bdc92ee9d7d8d9f04a93647e6a6fc3e3be932cacea2d1de76b64b9ee9",
        "fixtures/relation/app/Models/Team.php": "3e9246f19dbc4e313f3811e3ce07e2900ec14fafb1e9289848fc000470401ce1",
        "fixtures/relation/database/schema.php": "9bcb068416482965674f4d1f0553e5f582a8bc196f3fa663bf426590614058c9",
        "oracle/introspect.php": "0ce9c0365014279d982cbb8f9e07711dec1e528460de2d14bb44884cadefd4a2"
    },
    "oracle": "eloquent-sqlite-memory",
    "versions": {
        "illuminate/database": "13.35.0",
        "php": "8.5.8"
    }
}
