brick/math                      1.0.0   Arbitrary-precision arithmetic library
carbonphp/carbon-doctrine-types 3.2.1   Types to use Carbon in Doctrine
doctrine/inflector              2.1.0   PHP Doctrine Inflector is a small l...
illuminate/collections          13.35.0 The Illuminate Collections package.
illuminate/conditionable        13.35.0 The Illuminate Conditionable package.
illuminate/container            13.35.0 The Illuminate Container package.
illuminate/contracts            13.35.0 The Illuminate Contracts package.
illuminate/database             13.35.0 The Illuminate Database package.
illuminate/macroable            13.35.0 The Illuminate Macroable package.
illuminate/reflection           13.35.0 The Illuminate Reflection package.
illuminate/support              13.35.0 The Illuminate Support package.
laravel/serializable-closure    2.1.0   Laravel Serializable Closure provid...
nesbot/carbon                   3.14.2  An API extension for DateTime that ...
psr/clock                       1.0.0   Common interface for reading the cl...
psr/container                   2.0.2   Common Container Interface (PHP FIG...
psr/simple-cache                3.0.0   Common interfaces for simple caching
symfony/clock                   8.1.0   Decouples applications from the sys...
symfony/polyfill-mbstring       1.43.0  Symfony polyfill for the Mbstring e...
symfony/polyfill-php84          1.43.0  Symfony polyfill backporting some P...
symfony/polyfill-php85          1.43.0  Symfony polyfill backporting some P...
symfony/polyfill-php86          1.43.0  Symfony polyfill backporting some P...
symfony/translation             8.1.5   Provides tools to internationalize ...
symfony/translation-contracts   3.7.1   Generic abstractions related to tra...
voku/portable-ascii             2.1.1   Portable ASCII library - performanc...
