{
  "facts": {
    "columns": [
      "hero_team_links.hero_id",
      "hero_team_links.joined_year",
      "hero_team_links.team_id"
    ],
    "foreign_keys": [],
    "primary_keys": [
      "hero_team_links(team_id,hero_id)"
    ],
    "tables": [
      "hero_team_links"
    ],
    "unmodeled": []
  },
  "inputs": {
    "fixtures/composite-key/models.py": "1212432d06cef9d64a7a68742014b5a462343e01d546e9629354ec934a9ee96f",
    "oracle/introspect.py": "38abdd730a1c6b4b415e3a2948b17cc444033527d2d08ac2e6d41ecdb97100b5"
  },
  "oracle": "django-app-registry",
  "versions": {
    "Django": "6.1.2",
    "python": "3.14.8"
  }
}
