-- CreateSchema
CREATE SCHEMA IF NOT EXISTS "public";

-- CreateTable
CREATE TABLE "tenants" (
    "tenant_pk" TEXT NOT NULL,

    CONSTRAINT "tenants_pkey" PRIMARY KEY ("tenant_pk")
);

-- CreateTable
CREATE TABLE "users" (
    "user_pk" TEXT NOT NULL,

    CONSTRAINT "users_pkey" PRIMARY KEY ("user_pk")
);

-- CreateTable
CREATE TABLE "tenant_users" (
    "user_id" TEXT NOT NULL,
    "tenant_id" TEXT NOT NULL,

    CONSTRAINT "tenant_users_pkey" PRIMARY KEY ("user_id","tenant_id")
);

-- CreateTable
CREATE TABLE "tenant_user_notes" (
    "id" INTEGER NOT NULL,
    "tenant_id" TEXT NOT NULL,
    "user_id" TEXT NOT NULL,

    CONSTRAINT "tenant_user_notes_pkey" PRIMARY KEY ("id")
);

-- AddForeignKey
ALTER TABLE "tenant_users" ADD CONSTRAINT "tenant_users_tenant_id_fkey" FOREIGN KEY ("tenant_id") REFERENCES "tenants"("tenant_pk") ON DELETE RESTRICT ON UPDATE CASCADE;

-- AddForeignKey
ALTER TABLE "tenant_users" ADD CONSTRAINT "tenant_users_user_id_fkey" FOREIGN KEY ("user_id") REFERENCES "users"("user_pk") ON DELETE RESTRICT ON UPDATE CASCADE;

-- AddForeignKey
ALTER TABLE "tenant_user_notes" ADD CONSTRAINT "tenant_user_notes_tenant_id_user_id_fkey" FOREIGN KEY ("tenant_id", "user_id") REFERENCES "tenant_users"("tenant_id", "user_id") ON DELETE RESTRICT ON UPDATE CASCADE;

